Archive member included to satisfy reference by file (symbol)

/Applications/STM32CubeIDE.app/Contents/Eclipse/plugins/com.st.stm32cube.ide.mcu.externaltools.gnu-tools-for-stm32.10.3-2021.10.macos64_1.0.100.202210260954/tools/bin/../lib/gcc/arm-none-eabi/10.3.1/../../../../arm-none-eabi/lib/thumb/v7e-m+fp/hard/libc_nano.a(lib_a-errno.o)
                              ./Core/Src/syscalls.o (__errno)
/Applications/STM32CubeIDE.app/Contents/Eclipse/plugins/com.st.stm32cube.ide.mcu.externaltools.gnu-tools-for-stm32.10.3-2021.10.macos64_1.0.100.202210260954/tools/bin/../lib/gcc/arm-none-eabi/10.3.1/../../../../arm-none-eabi/lib/thumb/v7e-m+fp/hard/libc_nano.a(lib_a-exit.o)
                              /Applications/STM32CubeIDE.app/Contents/Eclipse/plugins/com.st.stm32cube.ide.mcu.externaltools.gnu-tools-for-stm32.10.3-2021.10.macos64_1.0.100.202210260954/tools/bin/../lib/gcc/arm-none-eabi/10.3.1/../../../../arm-none-eabi/lib/thumb/v7e-m+fp/hard/crt0.o (exit)
/Applications/STM32CubeIDE.app/Contents/Eclipse/plugins/com.st.stm32cube.ide.mcu.externaltools.gnu-tools-for-stm32.10.3-2021.10.macos64_1.0.100.202210260954/tools/bin/../lib/gcc/arm-none-eabi/10.3.1/../../../../arm-none-eabi/lib/thumb/v7e-m+fp/hard/libc_nano.a(lib_a-impure.o)
                              /Applications/STM32CubeIDE.app/Contents/Eclipse/plugins/com.st.stm32cube.ide.mcu.externaltools.gnu-tools-for-stm32.10.3-2021.10.macos64_1.0.100.202210260954/tools/bin/../lib/gcc/arm-none-eabi/10.3.1/../../../../arm-none-eabi/lib/thumb/v7e-m+fp/hard/libc_nano.a(lib_a-exit.o) (_global_impure_ptr)
/Applications/STM32CubeIDE.app/Contents/Eclipse/plugins/com.st.stm32cube.ide.mcu.externaltools.gnu-tools-for-stm32.10.3-2021.10.macos64_1.0.100.202210260954/tools/bin/../lib/gcc/arm-none-eabi/10.3.1/../../../../arm-none-eabi/lib/thumb/v7e-m+fp/hard/libc_nano.a(lib_a-init.o)
                              /Applications/STM32CubeIDE.app/Contents/Eclipse/plugins/com.st.stm32cube.ide.mcu.externaltools.gnu-tools-for-stm32.10.3-2021.10.macos64_1.0.100.202210260954/tools/bin/../lib/gcc/arm-none-eabi/10.3.1/../../../../arm-none-eabi/lib/thumb/v7e-m+fp/hard/crt0.o (__libc_init_array)
/Applications/STM32CubeIDE.app/Contents/Eclipse/plugins/com.st.stm32cube.ide.mcu.externaltools.gnu-tools-for-stm32.10.3-2021.10.macos64_1.0.100.202210260954/tools/bin/../lib/gcc/arm-none-eabi/10.3.1/../../../../arm-none-eabi/lib/thumb/v7e-m+fp/hard/libc_nano.a(lib_a-memset.o)
                              /Applications/STM32CubeIDE.app/Contents/Eclipse/plugins/com.st.stm32cube.ide.mcu.externaltools.gnu-tools-for-stm32.10.3-2021.10.macos64_1.0.100.202210260954/tools/bin/../lib/gcc/arm-none-eabi/10.3.1/../../../../arm-none-eabi/lib/thumb/v7e-m+fp/hard/crt0.o (memset)
/Applications/STM32CubeIDE.app/Contents/Eclipse/plugins/com.st.stm32cube.ide.mcu.externaltools.gnu-tools-for-stm32.10.3-2021.10.macos64_1.0.100.202210260954/tools/bin/../lib/gcc/arm-none-eabi/10.3.1/thumb/v7e-m+fp/hard/libgcc.a(_aeabi_uldivmod.o)
                              ./Drivers/STM32F4xx_HAL_Driver/Src/stm32f4xx_hal_rcc.o (__aeabi_uldivmod)
/Applications/STM32CubeIDE.app/Contents/Eclipse/plugins/com.st.stm32cube.ide.mcu.externaltools.gnu-tools-for-stm32.10.3-2021.10.macos64_1.0.100.202210260954/tools/bin/../lib/gcc/arm-none-eabi/10.3.1/thumb/v7e-m+fp/hard/libgcc.a(_udivmoddi4.o)
                              /Applications/STM32CubeIDE.app/Contents/Eclipse/plugins/com.st.stm32cube.ide.mcu.externaltools.gnu-tools-for-stm32.10.3-2021.10.macos64_1.0.100.202210260954/tools/bin/../lib/gcc/arm-none-eabi/10.3.1/thumb/v7e-m+fp/hard/libgcc.a(_aeabi_uldivmod.o) (__udivmoddi4)
/Applications/STM32CubeIDE.app/Contents/Eclipse/plugins/com.st.stm32cube.ide.mcu.externaltools.gnu-tools-for-stm32.10.3-2021.10.macos64_1.0.100.202210260954/tools/bin/../lib/gcc/arm-none-eabi/10.3.1/thumb/v7e-m+fp/hard/libgcc.a(_dvmd_tls.o)
                              /Applications/STM32CubeIDE.app/Contents/Eclipse/plugins/com.st.stm32cube.ide.mcu.externaltools.gnu-tools-for-stm32.10.3-2021.10.macos64_1.0.100.202210260954/tools/bin/../lib/gcc/arm-none-eabi/10.3.1/thumb/v7e-m+fp/hard/libgcc.a(_aeabi_uldivmod.o) (__aeabi_ldiv0)

Discarded input sections

 .text          0x0000000000000000        0x0 /Applications/STM32CubeIDE.app/Contents/Eclipse/plugins/com.st.stm32cube.ide.mcu.externaltools.gnu-tools-for-stm32.10.3-2021.10.macos64_1.0.100.202210260954/tools/bin/../lib/gcc/arm-none-eabi/10.3.1/thumb/v7e-m+fp/hard/crti.o
 .data          0x0000000000000000        0x0 /Applications/STM32CubeIDE.app/Contents/Eclipse/plugins/com.st.stm32cube.ide.mcu.externaltools.gnu-tools-for-stm32.10.3-2021.10.macos64_1.0.100.202210260954/tools/bin/../lib/gcc/arm-none-eabi/10.3.1/thumb/v7e-m+fp/hard/crti.o
 .bss           0x0000000000000000        0x0 /Applications/STM32CubeIDE.app/Contents/Eclipse/plugins/com.st.stm32cube.ide.mcu.externaltools.gnu-tools-for-stm32.10.3-2021.10.macos64_1.0.100.202210260954/tools/bin/../lib/gcc/arm-none-eabi/10.3.1/thumb/v7e-m+fp/hard/crti.o
[...]
Memory Configuration

Name             Origin             Length             Attributes
CCMRAM           0x0000000010000000 0x0000000000010000 xrw
RAM              0x0000000020000000 0x0000000000030000 xrw
FLASH            0x0000000008000000 0x0000000000200000 xr
*default*        0x0000000000000000 0xffffffffffffffff

Linker script and memory map

LOAD /Applications/STM32CubeIDE.app/Contents/Eclipse/plugins/com.st.stm32cube.ide.mcu.externaltools.gnu-tools-for-stm32.10.3-2021.10.macos64_1.0.100.202210260954/tools/bin/../lib/gcc/arm-none-eabi/10.3.1/thumb/v7e-m+fp/hard/crti.o
LOAD /Applications/STM32CubeIDE.app/Contents/Eclipse/plugins/com.st.stm32cube.ide.mcu.externaltools.gnu-tools-for-stm32.10.3-2021.10.macos64_1.0.100.202210260954/tools/bin/../lib/gcc/arm-none-eabi/10.3.1/thumb/v7e-m+fp/hard/crtbegin.o
LOAD /Applications/STM32CubeIDE.app/Contents/Eclipse/plugins/com.st.stm32cube.ide.mcu.externaltools.gnu-tools-for-stm32.10.3-2021.10.macos64_1.0.100.202210260954/tools/bin/../lib/gcc/arm-none-eabi/10.3.1/../../../../arm-none-eabi/lib/thumb/v7e-m+fp/hard/crt0.o
LOAD ./Bsp/bsp_can.o
LOAD ./Bsp/bsp_key.o
LOAD ./Bsp/bsp_pwm.o
LOAD ./Bsp/pid.o
LOAD ./Core/Src/can.o
LOAD ./Core/Src/gpio.o
LOAD ./Core/Src/main.o
LOAD ./Core/Src/stm32f4xx_hal_msp.o
LOAD ./Core/Src/stm32f4xx_it.o
LOAD ./Core/Src/syscalls.o
LOAD ./Core/Src/sysmem.o
LOAD ./Core/Src/system_stm32f4xx.o
LOAD ./Core/Src/tim.o
LOAD ./Core/Startup/startup_stm32f427iihx.o
LOAD ./Drivers/STM32F4xx_HAL_Driver/Src/stm32f4xx_hal.o
LOAD ./Drivers/STM32F4xx_HAL_Driver/Src/stm32f4xx_hal_can.o
LOAD ./Drivers/STM32F4xx_HAL_Driver/Src/stm32f4xx_hal_cortex.o
LOAD ./Drivers/STM32F4xx_HAL_Driver/Src/stm32f4xx_hal_dma.o
LOAD ./Drivers/STM32F4xx_HAL_Driver/Src/stm32f4xx_hal_dma_ex.o
LOAD ./Drivers/STM32F4xx_HAL_Driver/Src/stm32f4xx_hal_exti.o
LOAD ./Drivers/STM32F4xx_HAL_Driver/Src/stm32f4xx_hal_flash.o
LOAD ./Drivers/STM32F4xx_HAL_Driver/Src/stm32f4xx_hal_flash_ex.o
LOAD ./Drivers/STM32F4xx_HAL_Driver/Src/stm32f4xx_hal_flash_ramfunc.o
LOAD ./Drivers/STM32F4xx_HAL_Driver/Src/stm32f4xx_hal_gpio.o
LOAD ./Drivers/STM32F4xx_HAL_Driver/Src/stm32f4xx_hal_pwr.o
LOAD ./Drivers/STM32F4xx_HAL_Driver/Src/stm32f4xx_hal_pwr_ex.o
LOAD ./Drivers/STM32F4xx_HAL_Driver/Src/stm32f4xx_hal_rcc.o
LOAD ./Drivers/STM32F4xx_HAL_Driver/Src/stm32f4xx_hal_rcc_ex.o
LOAD ./Drivers/STM32F4xx_HAL_Driver/Src/stm32f4xx_hal_tim.o
LOAD ./Drivers/STM32F4xx_HAL_Driver/Src/stm32f4xx_hal_tim_ex.o
START GROUP
LOAD /Applications/STM32CubeIDE.app/Contents/Eclipse/plugins/com.st.stm32cube.ide.mcu.externaltools.gnu-tools-for-stm32.10.3-2021.10.macos64_1.0.100.202210260954/tools/bin/../lib/gcc/arm-none-eabi/10.3.1/../../../../arm-none-eabi/lib/thumb/v7e-m+fp/hard/libc_nano.a
LOAD /Applications/STM32CubeIDE.app/Contents/Eclipse/plugins/com.st.stm32cube.ide.mcu.externaltools.gnu-tools-for-stm32.10.3-2021.10.macos64_1.0.100.202210260954/tools/bin/../lib/gcc/arm-none-eabi/10.3.1/../../../../arm-none-eabi/lib/thumb/v7e-m+fp/hard/libm.a
END GROUP
START GROUP
LOAD /Applications/STM32CubeIDE.app/Contents/Eclipse/plugins/com.st.stm32cube.ide.mcu.externaltools.gnu-tools-for-stm32.10.3-2021.10.macos64_1.0.100.202210260954/tools/bin/../lib/gcc/arm-none-eabi/10.3.1/thumb/v7e-m+fp/hard/libgcc.a
LOAD /Applications/STM32CubeIDE.app/Contents/Eclipse/plugins/com.st.stm32cube.ide.mcu.externaltools.gnu-tools-for-stm32.10.3-2021.10.macos64_1.0.100.202210260954/tools/bin/../lib/gcc/arm-none-eabi/10.3.1/../../../../arm-none-eabi/lib/thumb/v7e-m+fp/hard/libc_nano.a
END GROUP
START GROUP
LOAD /Applications/STM32CubeIDE.app/Contents/Eclipse/plugins/com.st.stm32cube.ide.mcu.externaltools.gnu-tools-for-stm32.10.3-2021.10.macos64_1.0.100.202210260954/tools/bin/../lib/gcc/arm-none-eabi/10.3.1/thumb/v7e-m+fp/hard/libgcc.a
LOAD /Applications/STM32CubeIDE.app/Contents/Eclipse/plugins/com.st.stm32cube.ide.mcu.externaltools.gnu-tools-for-stm32.10.3-2021.10.macos64_1.0.100.202210260954/tools/bin/../lib/gcc/arm-none-eabi/10.3.1/../../../../arm-none-eabi/lib/thumb/v7e-m+fp/hard/libc_nano.a
LOAD /Applications/STM32CubeIDE.app/Contents/Eclipse/plugins/com.st.stm32cube.ide.mcu.externaltools.gnu-tools-for-stm32.10.3-2021.10.macos64_1.0.100.202210260954/tools/bin/../lib/gcc/arm-none-eabi/10.3.1/../../../../arm-none-eabi/lib/thumb/v7e-m+fp/hard/libnosys.a
END GROUP
START GROUP
LOAD /Applications/STM32CubeIDE.app/Contents/Eclipse/plugins/com.st.stm32cube.ide.mcu.externaltools.gnu-tools-for-stm32.10.3-2021.10.macos64_1.0.100.202210260954/tools/bin/../lib/gcc/arm-none-eabi/10.3.1/thumb/v7e-m+fp/hard/libgcc.a
LOAD /Applications/STM32CubeIDE.app/Contents/Eclipse/plugins/com.st.stm32cube.ide.mcu.externaltools.gnu-tools-for-stm32.10.3-2021.10.macos64_1.0.100.202210260954/tools/bin/../lib/gcc/arm-none-eabi/10.3.1/../../../../arm-none-eabi/lib/thumb/v7e-m+fp/hard/libc_nano.a
LOAD /Applications/STM32CubeIDE.app/Contents/Eclipse/plugins/com.st.stm32cube.ide.mcu.externaltools.gnu-tools-for-stm32.10.3-2021.10.macos64_1.0.100.202210260954/tools/bin/../lib/gcc/arm-none-eabi/10.3.1/../../../../arm-none-eabi/lib/thumb/v7e-m+fp/hard/libnosys.a
END GROUP
LOAD /Applications/STM32CubeIDE.app/Contents/Eclipse/plugins/com.st.stm32cube.ide.mcu.externaltools.gnu-tools-for-stm32.10.3-2021.10.macos64_1.0.100.202210260954/tools/bin/../lib/gcc/arm-none-eabi/10.3.1/thumb/v7e-m+fp/hard/crtend.o
LOAD /Applications/STM32CubeIDE.app/Contents/Eclipse/plugins/com.st.stm32cube.ide.mcu.externaltools.gnu-tools-for-stm32.10.3-2021.10.macos64_1.0.100.202210260954/tools/bin/../lib/gcc/arm-none-eabi/10.3.1/thumb/v7e-m+fp/hard/crtn.o
                0x0000000020030000                _estack = (ORIGIN (RAM) + LENGTH (RAM))
                0x0000000000000200                _Min_Heap_Size = 0x200
                0x0000000000000400                _Min_Stack_Size = 0x400

.isr_vector     0x0000000008000000      0x1ac
                0x0000000008000000                . = ALIGN (0x4)
 *(.isr_vector)
 .isr_vector    0x0000000008000000      0x1ac ./Core/Startup/startup_stm32f427iihx.o
                0x0000000008000000                g_pfnVectors
                0x00000000080001ac                . = ALIGN (0x4)

.text           0x00000000080001ac     0x37cc
                0x00000000080001ac                . = ALIGN (0x4)
 *(.text)
 .text          0x00000000080001ac       0x40 /Applications/STM32CubeIDE.app/Contents/Eclipse/plugins/com.st.stm32cube.ide.mcu.externaltools.gnu-tools-for-stm32.10.3-2021.10.macos64_1.0.100.202210260954/tools/bin/../lib/gcc/arm-none-eabi/10.3.1/thumb/v7e-m+fp/hard/crtbegin.o
 .text          0x00000000080001ec       0x30 /Applications/STM32CubeIDE.app/Contents/Eclipse/plugins/com.st.stm32cube.ide.mcu.externaltools.gnu-tools-for-stm32.10.3-2021.10.macos64_1.0.100.202210260954/tools/bin/../lib/gcc/arm-none-eabi/10.3.1/thumb/v7e-m+fp/hard/libgcc.a(_aeabi_uldivmod.o)
                0x00000000080001ec                __aeabi_uldivmod
 .text          0x000000000800021c      0x2d0 /Applications/STM32CubeIDE.app/Contents/Eclipse/plugins/com.st.stm32cube.ide.mcu.externaltools.gnu-tools-for-stm32.10.3-2021.10.macos64_1.0.100.202210260954/tools/bin/../lib/gcc/arm-none-eabi/10.3.1/thumb/v7e-m+fp/hard/libgcc.a(_udivmoddi4.o)
                0x000000000800021c                __udivmoddi4
 .text          0x00000000080004ec        0x4 /Applications/STM32CubeIDE.app/Contents/Eclipse/plugins/com.st.stm32cube.ide.mcu.externaltools.gnu-tools-for-stm32.10.3-2021.10.macos64_1.0.100.202210260954/tools/bin/../lib/gcc/arm-none-eabi/10.3.1/thumb/v7e-m+fp/hard/libgcc.a(_dvmd_tls.o)
                0x00000000080004ec                __aeabi_ldiv0
                0x00000000080004ec                __aeabi_idiv0
 *(.text*)
 .text.can_user_init
                0x00000000080004f0       0x58 ./Bsp/bsp_can.o
                0x00000000080004f0                can_user_init
 .text.HAL_CAN_RxFifo0MsgPendingCallback
                0x0000000008000548      0x104 ./Bsp/bsp_can.o
                0x0000000008000548                HAL_CAN_RxFifo0MsgPendingCallback
 .text.set_motor_voltage
                0x000000000800064c       0xa0 ./Bsp/bsp_can.o
                0x000000000800064c                set_motor_voltage
 .text.key_scan
                0x00000000080006ec       0x44 ./Bsp/bsp_key.o
                0x00000000080006ec                key_scan
 .text.pwm_init
                0x0000000008000730       0x2c ./Bsp/bsp_pwm.o
                0x0000000008000730                pwm_init
 .text.pid_init
                0x000000000800075c       0x46 ./Bsp/pid.o
                0x000000000800075c                pid_init
 .text.pid_calc
                0x00000000080007a2      0x166 ./Bsp/pid.o
                0x00000000080007a2                pid_calc
 .text.MX_CAN1_Init
                0x0000000008000908       0x6c ./Core/Src/can.o
                0x0000000008000908                MX_CAN1_Init
 .text.HAL_CAN_MspInit
                0x0000000008000974       0xb0 ./Core/Src/can.o
                0x0000000008000974                HAL_CAN_MspInit
 .text.MX_GPIO_Init
                0x0000000008000a24      0x16c ./Core/Src/gpio.o
                0x0000000008000a24                MX_GPIO_Init
 .text.main     0x0000000008000b90      0x2b4 ./Core/Src/main.o
                0x0000000008000b90                main
 .text.SystemClock_Config
                0x0000000008000e44       0xd4 ./Core/Src/main.o
                0x0000000008000e44                SystemClock_Config
 .text.Error_Handler
                0x0000000008000f18        0xa ./Core/Src/main.o
                0x0000000008000f18                Error_Handler
 *fill*         0x0000000008000f22        0x2 
 .text.HAL_MspInit
                0x0000000008000f24       0x50 ./Core/Src/stm32f4xx_hal_msp.o
                0x0000000008000f24                HAL_MspInit
 .text.NMI_Handler
                0x0000000008000f74        0x6 ./Core/Src/stm32f4xx_it.o
                0x0000000008000f74                NMI_Handler
 .text.HardFault_Handler
                0x0000000008000f7a        0x6 ./Core/Src/stm32f4xx_it.o
                0x0000000008000f7a                HardFault_Handler
 .text.MemManage_Handler
                0x0000000008000f80        0x6 ./Core/Src/stm32f4xx_it.o
                0x0000000008000f80                MemManage_Handler
 .text.BusFault_Handler
                0x0000000008000f86        0x6 ./Core/Src/stm32f4xx_it.o
                0x0000000008000f86                BusFault_Handler
 .text.UsageFault_Handler
                0x0000000008000f8c        0x6 ./Core/Src/stm32f4xx_it.o
                0x0000000008000f8c                UsageFault_Handler
 .text.SVC_Handler
                0x0000000008000f92        0xe ./Core/Src/stm32f4xx_it.o
                0x0000000008000f92                SVC_Handler
 .text.DebugMon_Handler
                0x0000000008000fa0        0xe ./Core/Src/stm32f4xx_it.o
                0x0000000008000fa0                DebugMon_Handler
 .text.PendSV_Handler
                0x0000000008000fae        0xe ./Core/Src/stm32f4xx_it.o
                0x0000000008000fae                PendSV_Handler
 .text.SysTick_Handler
                0x0000000008000fbc        0xc ./Core/Src/stm32f4xx_it.o
                0x0000000008000fbc                SysTick_Handler
 .text.CAN1_TX_IRQHandler
                0x0000000008000fc8       0x14 ./Core/Src/stm32f4xx_it.o
                0x0000000008000fc8                CAN1_TX_IRQHandler
 .text.CAN1_RX0_IRQHandler
                0x0000000008000fdc       0x14 ./Core/Src/stm32f4xx_it.o
                0x0000000008000fdc                CAN1_RX0_IRQHandler
 .text.SystemInit
                0x0000000008000ff0       0x24 ./Core/Src/system_stm32f4xx.o
                0x0000000008000ff0                SystemInit
 .text.MX_TIM1_Init
                0x0000000008001014      0x150 ./Core/Src/tim.o
                0x0000000008001014                MX_TIM1_Init
 .text.HAL_TIM_PWM_MspInit
                0x0000000008001164       0x44 ./Core/Src/tim.o
                0x0000000008001164                HAL_TIM_PWM_MspInit
 .text.HAL_TIM_MspPostInit
                0x00000000080011a8       0xb8 ./Core/Src/tim.o
                0x00000000080011a8                HAL_TIM_MspPostInit
 .text.Reset_Handler
                0x0000000008001260       0x50 ./Core/Startup/startup_stm32f427iihx.o
                0x0000000008001260                Reset_Handler
 .text.Default_Handler
                0x00000000080012b0        0x2 ./Core/Startup/startup_stm32f427iihx.o
                0x00000000080012b0                DMA1_Stream3_IRQHandler
                0x00000000080012b0                HASH_RNG_IRQHandler
                0x00000000080012b0                EXTI2_IRQHandler
                0x00000000080012b0                TIM8_CC_IRQHandler
                0x00000000080012b0                UART8_IRQHandler
                0x00000000080012b0                SPI4_IRQHandler
                0x00000000080012b0                TIM1_CC_IRQHandler
                0x00000000080012b0                DMA2_Stream5_IRQHandler
                0x00000000080012b0                DMA1_Stream5_IRQHandler
                0x00000000080012b0                PVD_IRQHandler
                0x00000000080012b0                SDIO_IRQHandler
                0x00000000080012b0                TAMP_STAMP_IRQHandler
                0x00000000080012b0                CAN2_RX1_IRQHandler
                0x00000000080012b0                EXTI3_IRQHandler
                0x00000000080012b0                TIM8_TRG_COM_TIM14_IRQHandler
                0x00000000080012b0                TIM1_UP_TIM10_IRQHandler
                0x00000000080012b0                TIM8_UP_TIM13_IRQHandler
                0x00000000080012b0                I2C3_ER_IRQHandler
                0x00000000080012b0                EXTI0_IRQHandler
                0x00000000080012b0                I2C2_EV_IRQHandler
                0x00000000080012b0                DMA1_Stream2_IRQHandler
                0x00000000080012b0                FPU_IRQHandler
                0x00000000080012b0                OTG_HS_WKUP_IRQHandler
                0x00000000080012b0                CAN2_SCE_IRQHandler
                0x00000000080012b0                DMA2_Stream2_IRQHandler
                0x00000000080012b0                SPI1_IRQHandler
                0x00000000080012b0                TIM6_DAC_IRQHandler
                0x00000000080012b0                TIM1_BRK_TIM9_IRQHandler
                0x00000000080012b0                DCMI_IRQHandler
                0x00000000080012b0                CAN2_RX0_IRQHandler
                0x00000000080012b0                DMA2_Stream3_IRQHandler
                0x00000000080012b0                USART6_IRQHandler
                0x00000000080012b0                USART3_IRQHandler
                0x00000000080012b0                CAN1_RX1_IRQHandler
                0x00000000080012b0                UART5_IRQHandler
                0x00000000080012b0                DMA2_Stream0_IRQHandler
                0x00000000080012b0                TIM4_IRQHandler
                0x00000000080012b0                I2C1_EV_IRQHandler
                0x00000000080012b0                DMA1_Stream6_IRQHandler
                0x00000000080012b0                DMA1_Stream1_IRQHandler
                0x00000000080012b0                UART4_IRQHandler
                0x00000000080012b0                TIM3_IRQHandler
                0x00000000080012b0                RCC_IRQHandler
                0x00000000080012b0                TIM8_BRK_TIM12_IRQHandler
                0x00000000080012b0                Default_Handler
                0x00000000080012b0                EXTI15_10_IRQHandler
                0x00000000080012b0                ADC_IRQHandler
                0x00000000080012b0                DMA1_Stream7_IRQHandler
                0x00000000080012b0                SPI5_IRQHandler
                0x00000000080012b0                TIM7_IRQHandler
                0x00000000080012b0                CAN2_TX_IRQHandler
                0x00000000080012b0                TIM5_IRQHandler
                0x00000000080012b0                DMA2_Stream7_IRQHandler
                0x00000000080012b0                I2C3_EV_IRQHandler
                0x00000000080012b0                EXTI9_5_IRQHandler
                0x00000000080012b0                RTC_WKUP_IRQHandler
                0x00000000080012b0                ETH_WKUP_IRQHandler
                0x00000000080012b0                SPI2_IRQHandler
                0x00000000080012b0                OTG_HS_EP1_IN_IRQHandler
                0x00000000080012b0                DMA1_Stream0_IRQHandler
                0x00000000080012b0                EXTI4_IRQHandler
                0x00000000080012b0                ETH_IRQHandler
                0x00000000080012b0                OTG_HS_EP1_OUT_IRQHandler
                0x00000000080012b0                WWDG_IRQHandler
                0x00000000080012b0                SPI6_IRQHandler
                0x00000000080012b0                TIM2_IRQHandler
                0x00000000080012b0                OTG_FS_WKUP_IRQHandler
                0x00000000080012b0                TIM1_TRG_COM_TIM11_IRQHandler
                0x00000000080012b0                OTG_HS_IRQHandler
                0x00000000080012b0                DMA2D_IRQHandler
                0x00000000080012b0                EXTI1_IRQHandler
                0x00000000080012b0                UART7_IRQHandler
                0x00000000080012b0                USART2_IRQHandler
                0x00000000080012b0                I2C2_ER_IRQHandler
                0x00000000080012b0                DMA2_Stream1_IRQHandler
                0x00000000080012b0                CAN1_SCE_IRQHandler
                0x00000000080012b0                FLASH_IRQHandler
                0x00000000080012b0                DMA2_Stream4_IRQHandler
                0x00000000080012b0                USART1_IRQHandler
                0x00000000080012b0                OTG_FS_IRQHandler
                0x00000000080012b0                SPI3_IRQHandler
                0x00000000080012b0                DMA1_Stream4_IRQHandler
                0x00000000080012b0                I2C1_ER_IRQHandler
                0x00000000080012b0                FMC_IRQHandler
                0x00000000080012b0                DMA2_Stream6_IRQHandler
                0x00000000080012b0                SAI1_IRQHandler
                0x00000000080012b0                RTC_Alarm_IRQHandler
 *fill*         0x00000000080012b2        0x2 
 .text.HAL_Init
                0x00000000080012b4       0x44 ./Drivers/STM32F4xx_HAL_Driver/Src/stm32f4xx_hal.o
                0x00000000080012b4                HAL_Init
 .text.HAL_InitTick
                0x00000000080012f8       0x60 ./Drivers/STM32F4xx_HAL_Driver/Src/stm32f4xx_hal.o
                0x00000000080012f8                HAL_InitTick
 .text.HAL_IncTick
                0x0000000008001358       0x28 ./Drivers/STM32F4xx_HAL_Driver/Src/stm32f4xx_hal.o
                0x0000000008001358                HAL_IncTick
 .text.HAL_GetTick
                0x0000000008001380       0x18 ./Drivers/STM32F4xx_HAL_Driver/Src/stm32f4xx_hal.o
                0x0000000008001380                HAL_GetTick
 .text.HAL_Delay
                0x0000000008001398       0x48 ./Drivers/STM32F4xx_HAL_Driver/Src/stm32f4xx_hal.o
                0x0000000008001398                HAL_Delay
 .text.HAL_CAN_Init
                0x00000000080013e0      0x1f6 ./Drivers/STM32F4xx_HAL_Driver/Src/stm32f4xx_hal_can.o
                0x00000000080013e0                HAL_CAN_Init
 *fill*         0x00000000080015d6        0x2 
 .text.HAL_CAN_ConfigFilter
                0x00000000080015d8      0x1c0 ./Drivers/STM32F4xx_HAL_Driver/Src/stm32f4xx_hal_can.o
                0x00000000080015d8                HAL_CAN_ConfigFilter
 .text.HAL_CAN_Start
                0x0000000008001798       0x88 ./Drivers/STM32F4xx_HAL_Driver/Src/stm32f4xx_hal_can.o
                0x0000000008001798                HAL_CAN_Start
 .text.HAL_CAN_AddTxMessage
                0x0000000008001820      0x1b6 ./Drivers/STM32F4xx_HAL_Driver/Src/stm32f4xx_hal_can.o
                0x0000000008001820                HAL_CAN_AddTxMessage
 .text.HAL_CAN_GetRxMessage
                0x00000000080019d6      0x224 ./Drivers/STM32F4xx_HAL_Driver/Src/stm32f4xx_hal_can.o
                0x00000000080019d6                HAL_CAN_GetRxMessage
 .text.HAL_CAN_ActivateNotification
                0x0000000008001bfa       0x4c ./Drivers/STM32F4xx_HAL_Driver/Src/stm32f4xx_hal_can.o
                0x0000000008001bfa                HAL_CAN_ActivateNotification
 .text.HAL_CAN_IRQHandler
                0x0000000008001c46      0x36e ./Drivers/STM32F4xx_HAL_Driver/Src/stm32f4xx_hal_can.o
                0x0000000008001c46                HAL_CAN_IRQHandler
 .text.HAL_CAN_TxMailbox0CompleteCallback
                0x0000000008001fb4       0x14 ./Drivers/STM32F4xx_HAL_Driver/Src/stm32f4xx_hal_can.o
                0x0000000008001fb4                HAL_CAN_TxMailbox0CompleteCallback
 .text.HAL_CAN_TxMailbox1CompleteCallback
                0x0000000008001fc8       0x14 ./Drivers/STM32F4xx_HAL_Driver/Src/stm32f4xx_hal_can.o
                0x0000000008001fc8                HAL_CAN_TxMailbox1CompleteCallback
 .text.HAL_CAN_TxMailbox2CompleteCallback
                0x0000000008001fdc       0x14 ./Drivers/STM32F4xx_HAL_Driver/Src/stm32f4xx_hal_can.o
                0x0000000008001fdc                HAL_CAN_TxMailbox2CompleteCallback
 .text.HAL_CAN_TxMailbox0AbortCallback
                0x0000000008001ff0       0x14 ./Drivers/STM32F4xx_HAL_Driver/Src/stm32f4xx_hal_can.o
                0x0000000008001ff0                HAL_CAN_TxMailbox0AbortCallback
 .text.HAL_CAN_TxMailbox1AbortCallback
                0x0000000008002004       0x14 ./Drivers/STM32F4xx_HAL_Driver/Src/stm32f4xx_hal_can.o
                0x0000000008002004                HAL_CAN_TxMailbox1AbortCallback
 .text.HAL_CAN_TxMailbox2AbortCallback
                0x0000000008002018       0x14 ./Drivers/STM32F4xx_HAL_Driver/Src/stm32f4xx_hal_can.o
                0x0000000008002018                HAL_CAN_TxMailbox2AbortCallback
 .text.HAL_CAN_RxFifo0FullCallback
                0x000000000800202c       0x14 ./Drivers/STM32F4xx_HAL_Driver/Src/stm32f4xx_hal_can.o
                0x000000000800202c                HAL_CAN_RxFifo0FullCallback
 .text.HAL_CAN_RxFifo1MsgPendingCallback
                0x0000000008002040       0x14 ./Drivers/STM32F4xx_HAL_Driver/Src/stm32f4xx_hal_can.o
                0x0000000008002040                HAL_CAN_RxFifo1MsgPendingCallback
 .text.HAL_CAN_RxFifo1FullCallback
                0x0000000008002054       0x14 ./Drivers/STM32F4xx_HAL_Driver/Src/stm32f4xx_hal_can.o
                0x0000000008002054                HAL_CAN_RxFifo1FullCallback
 .text.HAL_CAN_SleepCallback
                0x0000000008002068       0x14 ./Drivers/STM32F4xx_HAL_Driver/Src/stm32f4xx_hal_can.o
                0x0000000008002068                HAL_CAN_SleepCallback
 .text.HAL_CAN_WakeUpFromRxMsgCallback
                0x000000000800207c       0x14 ./Drivers/STM32F4xx_HAL_Driver/Src/stm32f4xx_hal_can.o
                0x000000000800207c                HAL_CAN_WakeUpFromRxMsgCallback
 .text.HAL_CAN_ErrorCallback
                0x0000000008002090       0x14 ./Drivers/STM32F4xx_HAL_Driver/Src/stm32f4xx_hal_can.o
                0x0000000008002090                HAL_CAN_ErrorCallback
 .text.__NVIC_SetPriorityGrouping
                0x00000000080020a4       0x48 ./Drivers/STM32F4xx_HAL_Driver/Src/stm32f4xx_hal_cortex.o
 .text.__NVIC_GetPriorityGrouping
                0x00000000080020ec       0x1c ./Drivers/STM32F4xx_HAL_Driver/Src/stm32f4xx_hal_cortex.o
 .text.__NVIC_EnableIRQ
                0x0000000008002108       0x3c ./Drivers/STM32F4xx_HAL_Driver/Src/stm32f4xx_hal_cortex.o
 .text.__NVIC_SetPriority
                0x0000000008002144       0x54 ./Drivers/STM32F4xx_HAL_Driver/Src/stm32f4xx_hal_cortex.o
 .text.NVIC_EncodePriority
                0x0000000008002198       0x66 ./Drivers/STM32F4xx_HAL_Driver/Src/stm32f4xx_hal_cortex.o
 *fill*         0x00000000080021fe        0x2 
 .text.SysTick_Config
                0x0000000008002200       0x44 ./Drivers/STM32F4xx_HAL_Driver/Src/stm32f4xx_hal_cortex.o
 .text.HAL_NVIC_SetPriorityGrouping
                0x0000000008002244       0x16 ./Drivers/STM32F4xx_HAL_Driver/Src/stm32f4xx_hal_cortex.o
                0x0000000008002244                HAL_NVIC_SetPriorityGrouping
 .text.HAL_NVIC_SetPriority
                0x000000000800225a       0x38 ./Drivers/STM32F4xx_HAL_Driver/Src/stm32f4xx_hal_cortex.o
                0x000000000800225a                HAL_NVIC_SetPriority
 .text.HAL_NVIC_EnableIRQ
                0x0000000008002292       0x1c ./Drivers/STM32F4xx_HAL_Driver/Src/stm32f4xx_hal_cortex.o
                0x0000000008002292                HAL_NVIC_EnableIRQ
 .text.HAL_SYSTICK_Config
                0x00000000080022ae       0x18 ./Drivers/STM32F4xx_HAL_Driver/Src/stm32f4xx_hal_cortex.o
                0x00000000080022ae                HAL_SYSTICK_Config
 *fill*         0x00000000080022c6        0x2 
 .text.HAL_GPIO_Init
                0x00000000080022c8      0x358 ./Drivers/STM32F4xx_HAL_Driver/Src/stm32f4xx_hal_gpio.o
                0x00000000080022c8                HAL_GPIO_Init
 .text.HAL_GPIO_ReadPin
                0x0000000008002620       0x30 ./Drivers/STM32F4xx_HAL_Driver/Src/stm32f4xx_hal_gpio.o
                0x0000000008002620                HAL_GPIO_ReadPin
 .text.HAL_GPIO_WritePin
                0x0000000008002650       0x32 ./Drivers/STM32F4xx_HAL_Driver/Src/stm32f4xx_hal_gpio.o
                0x0000000008002650                HAL_GPIO_WritePin
 *fill*         0x0000000008002682        0x2 
 .text.HAL_RCC_OscConfig
                0x0000000008002684      0x4f0 ./Drivers/STM32F4xx_HAL_Driver/Src/stm32f4xx_hal_rcc.o
                0x0000000008002684                HAL_RCC_OscConfig
 .text.HAL_RCC_ClockConfig
                0x0000000008002b74      0x1cc ./Drivers/STM32F4xx_HAL_Driver/Src/stm32f4xx_hal_rcc.o
                0x0000000008002b74                HAL_RCC_ClockConfig
 .text.HAL_RCC_GetSysClockFreq
                0x0000000008002d40      0x18c ./Drivers/STM32F4xx_HAL_Driver/Src/stm32f4xx_hal_rcc.o
                0x0000000008002d40                HAL_RCC_GetSysClockFreq
 .text.HAL_TIM_PWM_Init
                0x0000000008002ecc       0x9e ./Drivers/STM32F4xx_HAL_Driver/Src/stm32f4xx_hal_tim.o
                0x0000000008002ecc                HAL_TIM_PWM_Init
 *fill*         0x0000000008002f6a        0x2 
 .text.HAL_TIM_PWM_Start
                0x0000000008002f6c      0x190 ./Drivers/STM32F4xx_HAL_Driver/Src/stm32f4xx_hal_tim.o
                0x0000000008002f6c                HAL_TIM_PWM_Start
 .text.HAL_TIM_PWM_ConfigChannel
                0x00000000080030fc      0x184 ./Drivers/STM32F4xx_HAL_Driver/Src/stm32f4xx_hal_tim.o
                0x00000000080030fc                HAL_TIM_PWM_ConfigChannel
 .text.TIM_Base_SetConfig
                0x0000000008003280      0x140 ./Drivers/STM32F4xx_HAL_Driver/Src/stm32f4xx_hal_tim.o
                0x0000000008003280                TIM_Base_SetConfig
 .text.TIM_OC1_SetConfig
                0x00000000080033c0       0xe0 ./Drivers/STM32F4xx_HAL_Driver/Src/stm32f4xx_hal_tim.o
 .text.TIM_OC2_SetConfig
                0x00000000080034a0       0xec ./Drivers/STM32F4xx_HAL_Driver/Src/stm32f4xx_hal_tim.o
                0x00000000080034a0                TIM_OC2_SetConfig
 .text.TIM_OC3_SetConfig
                0x000000000800358c       0xe8 ./Drivers/STM32F4xx_HAL_Driver/Src/stm32f4xx_hal_tim.o
 .text.TIM_OC4_SetConfig
                0x0000000008003674       0xac ./Drivers/STM32F4xx_HAL_Driver/Src/stm32f4xx_hal_tim.o
 .text.TIM_CCxChannelCmd
                0x0000000008003720       0x4a ./Drivers/STM32F4xx_HAL_Driver/Src/stm32f4xx_hal_tim.o
                0x0000000008003720                TIM_CCxChannelCmd
 *fill*         0x000000000800376a        0x2 
 .text.HAL_TIMEx_MasterConfigSynchronization
                0x000000000800376c       0xf8 ./Drivers/STM32F4xx_HAL_Driver/Src/stm32f4xx_hal_tim_ex.o
                0x000000000800376c                HAL_TIMEx_MasterConfigSynchronization
 .text.HAL_TIMEx_ConfigBreakDeadTime
                0x0000000008003864       0xa4 ./Drivers/STM32F4xx_HAL_Driver/Src/stm32f4xx_hal_tim_ex.o
                0x0000000008003864                HAL_TIMEx_ConfigBreakDeadTime
 .text.__libc_init_array
                0x0000000008003908       0x48 /Applications/STM32CubeIDE.app/Contents/Eclipse/plugins/com.st.stm32cube.ide.mcu.externaltools.gnu-tools-for-stm32.10.3-2021.10.macos64_1.0.100.202210260954/tools/bin/../lib/gcc/arm-none-eabi/10.3.1/../../../../arm-none-eabi/lib/thumb/v7e-m+fp/hard/libc_nano.a(lib_a-init.o)
                0x0000000008003908                __libc_init_array
 .text.memset   0x0000000008003950       0x10 /Applications/STM32CubeIDE.app/Contents/Eclipse/plugins/com.st.stm32cube.ide.mcu.externaltools.gnu-tools-for-stm32.10.3-2021.10.macos64_1.0.100.202210260954/tools/bin/../lib/gcc/arm-none-eabi/10.3.1/../../../../arm-none-eabi/lib/thumb/v7e-m+fp/hard/libc_nano.a(lib_a-memset.o)
                0x0000000008003950                memset
 *(.glue_7)
 .glue_7        0x0000000008003960        0x0 linker stubs
 *(.glue_7t)
 .glue_7t       0x0000000008003960        0x0 linker stubs
 *(.eh_frame)
 .eh_frame      0x0000000008003960        0x0 /Applications/STM32CubeIDE.app/Contents/Eclipse/plugins/com.st.stm32cube.ide.mcu.externaltools.gnu-tools-for-stm32.10.3-2021.10.macos64_1.0.100.202210260954/tools/bin/../lib/gcc/arm-none-eabi/10.3.1/thumb/v7e-m+fp/hard/crtbegin.o
 *(.init)
 .init          0x0000000008003960        0x4 /Applications/STM32CubeIDE.app/Contents/Eclipse/plugins/com.st.stm32cube.ide.mcu.externaltools.gnu-tools-for-stm32.10.3-2021.10.macos64_1.0.100.202210260954/tools/bin/../lib/gcc/arm-none-eabi/10.3.1/thumb/v7e-m+fp/hard/crti.o
                0x0000000008003960                _init
 .init          0x0000000008003964        0x8 /Applications/STM32CubeIDE.app/Contents/Eclipse/plugins/com.st.stm32cube.ide.mcu.externaltools.gnu-tools-for-stm32.10.3-2021.10.macos64_1.0.100.202210260954/tools/bin/../lib/gcc/arm-none-eabi/10.3.1/thumb/v7e-m+fp/hard/crtn.o
 *(.fini)
 .fini          0x000000000800396c        0x4 /Applications/STM32CubeIDE.app/Contents/Eclipse/plugins/com.st.stm32cube.ide.mcu.externaltools.gnu-tools-for-stm32.10.3-2021.10.macos64_1.0.100.202210260954/tools/bin/../lib/gcc/arm-none-eabi/10.3.1/thumb/v7e-m+fp/hard/crti.o
                0x000000000800396c                _fini
 .fini          0x0000000008003970        0x8 /Applications/STM32CubeIDE.app/Contents/Eclipse/plugins/com.st.stm32cube.ide.mcu.externaltools.gnu-tools-for-stm32.10.3-2021.10.macos64_1.0.100.202210260954/tools/bin/../lib/gcc/arm-none-eabi/10.3.1/thumb/v7e-m+fp/hard/crtn.o
                0x0000000008003978                . = ALIGN (0x4)
                0x0000000008003978                _etext = .

.vfp11_veneer   0x0000000008003978        0x0
 .vfp11_veneer  0x0000000008003978        0x0 linker stubs

.v4_bx          0x0000000008003978        0x0
 .v4_bx         0x0000000008003978        0x0 linker stubs

.iplt           0x0000000008003978        0x0
 .iplt          0x0000000008003978        0x0 /Applications/STM32CubeIDE.app/Contents/Eclipse/plugins/com.st.stm32cube.ide.mcu.externaltools.gnu-tools-for-stm32.10.3-2021.10.macos64_1.0.100.202210260954/tools/bin/../lib/gcc/arm-none-eabi/10.3.1/thumb/v7e-m+fp/hard/crtbegin.o

.rodata         0x0000000008003978       0x10
                0x0000000008003978                . = ALIGN (0x4)
 *(.rodata)
 *(.rodata*)
 .rodata.AHBPrescTable
                0x0000000008003978       0x10 ./Core/Src/system_stm32f4xx.o
                0x0000000008003978                AHBPrescTable
                0x0000000008003988                . = ALIGN (0x4)

.ARM.extab      0x0000000008003988        0x0
                0x0000000008003988                . = ALIGN (0x4)
 *(.ARM.extab* .gnu.linkonce.armextab.*)
                0x0000000008003988                . = ALIGN (0x4)

.ARM            0x0000000008003988        0x8
                0x0000000008003988                . = ALIGN (0x4)
                0x0000000008003988                __exidx_start = .
 *(.ARM.exidx*)
 .ARM.exidx     0x0000000008003988        0x8 /Applications/STM32CubeIDE.app/Contents/Eclipse/plugins/com.st.stm32cube.ide.mcu.externaltools.gnu-tools-for-stm32.10.3-2021.10.macos64_1.0.100.202210260954/tools/bin/../lib/gcc/arm-none-eabi/10.3.1/thumb/v7e-m+fp/hard/libgcc.a(_udivmoddi4.o)
                0x0000000008003990                __exidx_end = .
                0x0000000008003990                . = ALIGN (0x4)

.rel.dyn        0x0000000008003990        0x0
 .rel.iplt      0x0000000008003990        0x0 /Applications/STM32CubeIDE.app/Contents/Eclipse/plugins/com.st.stm32cube.ide.mcu.externaltools.gnu-tools-for-stm32.10.3-2021.10.macos64_1.0.100.202210260954/tools/bin/../lib/gcc/arm-none-eabi/10.3.1/thumb/v7e-m+fp/hard/crtbegin.o

.preinit_array  0x0000000008003990        0x0
                0x0000000008003990                . = ALIGN (0x4)
                0x0000000008003990                PROVIDE (__preinit_array_start = .)
 *(.preinit_array*)
                0x0000000008003990                PROVIDE (__preinit_array_end = .)
                0x0000000008003990                . = ALIGN (0x4)

.init_array     0x0000000008003990        0x4
                0x0000000008003990                . = ALIGN (0x4)
                0x0000000008003990                PROVIDE (__init_array_start = .)
 *(SORT_BY_NAME(.init_array.*))
 *(.init_array*)
 .init_array    0x0000000008003990        0x4 /Applications/STM32CubeIDE.app/Contents/Eclipse/plugins/com.st.stm32cube.ide.mcu.externaltools.gnu-tools-for-stm32.10.3-2021.10.macos64_1.0.100.202210260954/tools/bin/../lib/gcc/arm-none-eabi/10.3.1/thumb/v7e-m+fp/hard/crtbegin.o
                0x0000000008003994                PROVIDE (__init_array_end = .)
                0x0000000008003994                . = ALIGN (0x4)

.fini_array     0x0000000008003994        0x4
                0x0000000008003994                . = ALIGN (0x4)
                [!provide]                        PROVIDE (__fini_array_start = .)
 *(SORT_BY_NAME(.fini_array.*))
 *(.fini_array*)
 .fini_array    0x0000000008003994        0x4 /Applications/STM32CubeIDE.app/Contents/Eclipse/plugins/com.st.stm32cube.ide.mcu.externaltools.gnu-tools-for-stm32.10.3-2021.10.macos64_1.0.100.202210260954/tools/bin/../lib/gcc/arm-none-eabi/10.3.1/thumb/v7e-m+fp/hard/crtbegin.o
                [!provide]                        PROVIDE (__fini_array_end = .)
                0x0000000008003998                . = ALIGN (0x4)
                0x0000000008003998                _sidata = LOADADDR (.data)

.data           0x0000000020000000       0x10 load address 0x0000000008003998
                0x0000000020000000                . = ALIGN (0x4)
                0x0000000020000000                _sdata = .
 *(.data)
 *(.data*)
 .data.reset_flag
                0x0000000020000000        0x2 ./Core/Src/main.o
                0x0000000020000000                reset_flag
 .data.pwm_pulse
                0x0000000020000002        0x2 ./Core/Src/main.o
                0x0000000020000002                pwm_pulse
 .data.SystemCoreClock
                0x0000000020000004        0x4 ./Core/Src/system_stm32f4xx.o
                0x0000000020000004                SystemCoreClock
 .data.uwTickPrio
                0x0000000020000008        0x4 ./Drivers/STM32F4xx_HAL_Driver/Src/stm32f4xx_hal.o
                0x0000000020000008                uwTickPrio
 .data.uwTickFreq
                0x000000002000000c        0x1 ./Drivers/STM32F4xx_HAL_Driver/Src/stm32f4xx_hal.o
                0x000000002000000c                uwTickFreq
 *(.RamFunc)
 *(.RamFunc*)
                0x0000000020000010                . = ALIGN (0x4)
 *fill*         0x000000002000000d        0x3 
                0x0000000020000010                _edata = .
                0x00000000080039a8                _siccmram = LOADADDR (.ccmram)

.igot.plt       0x0000000020000010        0x0 load address 0x00000000080039a8
 .igot.plt      0x0000000020000010        0x0 /Applications/STM32CubeIDE.app/Contents/Eclipse/plugins/com.st.stm32cube.ide.mcu.externaltools.gnu-tools-for-stm32.10.3-2021.10.macos64_1.0.100.202210260954/tools/bin/../lib/gcc/arm-none-eabi/10.3.1/thumb/v7e-m+fp/hard/crtbegin.o

.ccmram         0x0000000010000000        0x0 load address 0x00000000080039a8
                0x0000000010000000                . = ALIGN (0x4)
                0x0000000010000000                _sccmram = .
 *(.ccmram)
 *(.ccmram*)
                0x0000000010000000                . = ALIGN (0x4)
                0x0000000010000000                _eccmram = .
                0x0000000010000000                . = ALIGN (0x4)

.bss            0x0000000020000010      0x278
                0x0000000020000010                _sbss = .
                0x0000000020000010                __bss_start__ = _sbss
 *(.bss)
 .bss           0x0000000020000010       0x1c /Applications/STM32CubeIDE.app/Contents/Eclipse/plugins/com.st.stm32cube.ide.mcu.externaltools.gnu-tools-for-stm32.10.3-2021.10.macos64_1.0.100.202210260954/tools/bin/../lib/gcc/arm-none-eabi/10.3.1/thumb/v7e-m+fp/hard/crtbegin.o
 *(.bss*)
 .bss.motor_info
                0x000000002000002c       0x54 ./Bsp/bsp_can.o
                0x000000002000002c                motor_info
 .bss.can_cnt   0x0000000020000080        0x2 ./Bsp/bsp_can.o
                0x0000000020000080                can_cnt
 .bss.key.1     0x0000000020000082        0x1 ./Bsp/bsp_key.o
 .bss.key_last.0
                0x0000000020000083        0x1 ./Bsp/bsp_key.o
 .bss.hcan1     0x0000000020000084       0x28 ./Core/Src/can.o
                0x0000000020000084                hcan1
 .bss.led_cnt   0x00000000200000ac        0x2 ./Core/Src/main.o
                0x00000000200000ac                led_cnt
 *fill*         0x00000000200000ae        0x2 
 .bss.motor_pid
                0x00000000200000b0      0x16c ./Core/Src/main.o
                0x00000000200000b0                motor_pid
 .bss.angle_info
                0x000000002000021c        0xe ./Core/Src/main.o
                0x000000002000021c                angle_info
 *fill*         0x000000002000022a        0x2 
 .bss.target_angle
                0x000000002000022c        0xe ./Core/Src/main.o
                0x000000002000022c                target_angle
 *fill*         0x000000002000023a        0x2 
 .bss.htim1     0x000000002000023c       0x48 ./Core/Src/tim.o
                0x000000002000023c                htim1
 .bss.uwTick    0x0000000020000284        0x4 ./Drivers/STM32F4xx_HAL_Driver/Src/stm32f4xx_hal.o
                0x0000000020000284                uwTick
 *(COMMON)
                0x0000000020000288                . = ALIGN (0x4)
                0x0000000020000288                _ebss = .
                0x0000000020000288                __bss_end__ = _ebss

._user_heap_stack
                0x0000000020000288      0x600
                0x0000000020000288                . = ALIGN (0x8)
                [!provide]                        PROVIDE (end = .)
                0x0000000020000288                PROVIDE (_end = .)
                0x0000000020000488                . = (. + _Min_Heap_Size)
 *fill*         0x0000000020000288      0x200 
                0x0000000020000888                . = (. + _Min_Stack_Size)
 *fill*         0x0000000020000488      0x400 
                0x0000000020000888                . = ALIGN (0x8)

/DISCARD/
 libc.a(*)
 libm.a(*)
 libgcc.a(*)

.ARM.attributes
                0x0000000000000000       0x30
 *(.ARM.attributes)
 .ARM.attributes
                0x0000000000000000       0x1e /Applications/STM32CubeIDE.app/Contents/Eclipse/plugins/com.st.stm32cube.ide.mcu.externaltools.gnu-tools-for-stm32.10.3-2021.10.macos64_1.0.100.202210260954/tools/bin/../lib/gcc/arm-none-eabi/10.3.1/thumb/v7e-m+fp/hard/crti.o
 .ARM.attributes
                0x000000000000001e       0x34 /Applications/STM32CubeIDE.app/Contents/Eclipse/plugins/com.st.stm32cube.ide.mcu.externaltools.gnu-tools-for-stm32.10.3-2021.10.macos64_1.0.100.202210260954/tools/bin/../lib/gcc/arm-none-eabi/10.3.1/thumb/v7e-m+fp/hard/crtbegin.o
 .ARM.attributes
                0x0000000000000052       0x34 ./Bsp/bsp_can.o
 .ARM.attributes
                0x0000000000000086       0x34 ./Bsp/bsp_key.o
 .ARM.attributes
                0x00000000000000ba       0x34 ./Bsp/bsp_pwm.o
 .ARM.attributes
                0x00000000000000ee       0x34 ./Bsp/pid.o
 .ARM.attributes
                0x0000000000000122       0x34 ./Core/Src/can.o
 .ARM.attributes
                0x0000000000000156       0x34 ./Core/Src/gpio.o
 .ARM.attributes
                0x000000000000018a       0x34 ./Core/Src/main.o
 .ARM.attributes
                0x00000000000001be       0x34 ./Core/Src/stm32f4xx_hal_msp.o
 .ARM.attributes
                0x00000000000001f2       0x34 ./Core/Src/stm32f4xx_it.o
 .ARM.attributes
                0x0000000000000226       0x34 ./Core/Src/system_stm32f4xx.o
 .ARM.attributes
                0x000000000000025a       0x34 ./Core/Src/tim.o
 .ARM.attributes
                0x000000000000028e       0x21 ./Core/Startup/startup_stm32f427iihx.o
 .ARM.attributes
                0x00000000000002af       0x34 ./Drivers/STM32F4xx_HAL_Driver/Src/stm32f4xx_hal.o
 .ARM.attributes
                0x00000000000002e3       0x34 ./Drivers/STM32F4xx_HAL_Driver/Src/stm32f4xx_hal_can.o
 .ARM.attributes
                0x0000000000000317       0x34 ./Drivers/STM32F4xx_HAL_Driver/Src/stm32f4xx_hal_cortex.o
 .ARM.attributes
                0x000000000000034b       0x34 ./Drivers/STM32F4xx_HAL_Driver/Src/stm32f4xx_hal_gpio.o
 .ARM.attributes
                0x000000000000037f       0x34 ./Drivers/STM32F4xx_HAL_Driver/Src/stm32f4xx_hal_rcc.o
 .ARM.attributes
                0x00000000000003b3       0x34 ./Drivers/STM32F4xx_HAL_Driver/Src/stm32f4xx_hal_tim.o
 .ARM.attributes
                0x00000000000003e7       0x34 ./Drivers/STM32F4xx_HAL_Driver/Src/stm32f4xx_hal_tim_ex.o
 .ARM.attributes
                0x000000000000041b       0x34 /Applications/STM32CubeIDE.app/Contents/Eclipse/plugins/com.st.stm32cube.ide.mcu.externaltools.gnu-tools-for-stm32.10.3-2021.10.macos64_1.0.100.202210260954/tools/bin/../lib/gcc/arm-none-eabi/10.3.1/../../../../arm-none-eabi/lib/thumb/v7e-m+fp/hard/libc_nano.a(lib_a-init.o)
 .ARM.attributes
                0x000000000000044f       0x34 /Applications/STM32CubeIDE.app/Contents/Eclipse/plugins/com.st.stm32cube.ide.mcu.externaltools.gnu-tools-for-stm32.10.3-2021.10.macos64_1.0.100.202210260954/tools/bin/../lib/gcc/arm-none-eabi/10.3.1/../../../../arm-none-eabi/lib/thumb/v7e-m+fp/hard/libc_nano.a(lib_a-memset.o)
 .ARM.attributes
                0x0000000000000483       0x1e /Applications/STM32CubeIDE.app/Contents/Eclipse/plugins/com.st.stm32cube.ide.mcu.externaltools.gnu-tools-for-stm32.10.3-2021.10.macos64_1.0.100.202210260954/tools/bin/../lib/gcc/arm-none-eabi/10.3.1/thumb/v7e-m+fp/hard/libgcc.a(_aeabi_uldivmod.o)
 .ARM.attributes
                0x00000000000004a1       0x34 /Applications/STM32CubeIDE.app/Contents/Eclipse/plugins/com.st.stm32cube.ide.mcu.externaltools.gnu-tools-for-stm32.10.3-2021.10.macos64_1.0.100.202210260954/tools/bin/../lib/gcc/arm-none-eabi/10.3.1/thumb/v7e-m+fp/hard/libgcc.a(_udivmoddi4.o)
 .ARM.attributes
                0x00000000000004d5       0x1e /Applications/STM32CubeIDE.app/Contents/Eclipse/plugins/com.st.stm32cube.ide.mcu.externaltools.gnu-tools-for-stm32.10.3-2021.10.macos64_1.0.100.202210260954/tools/bin/../lib/gcc/arm-none-eabi/10.3.1/thumb/v7e-m+fp/hard/libgcc.a(_dvmd_tls.o)
 .ARM.attributes
                0x00000000000004f3       0x1e /Applications/STM32CubeIDE.app/Contents/Eclipse/plugins/com.st.stm32cube.ide.mcu.externaltools.gnu-tools-for-stm32.10.3-2021.10.macos64_1.0.100.202210260954/tools/bin/../lib/gcc/arm-none-eabi/10.3.1/thumb/v7e-m+fp/hard/crtn.o
OUTPUT(GM6020_demo.elf elf32-littlearm)
LOAD linker stubs
LOAD /Applications/STM32CubeIDE.app/Contents/Eclipse/plugins/com.st.stm32cube.ide.mcu.externaltools.gnu-tools-for-stm32.10.3-2021.10.macos64_1.0.100.202210260954/tools/bin/../lib/gcc/arm-none-eabi/10.3.1/../../../../arm-none-eabi/lib/thumb/v7e-m+fp/hard/libc.a
LOAD /Applications/STM32CubeIDE.app/Contents/Eclipse/plugins/com.st.stm32cube.ide.mcu.externaltools.gnu-tools-for-stm32.10.3-2021.10.macos64_1.0.100.202210260954/tools/bin/../lib/gcc/arm-none-eabi/10.3.1/../../../../arm-none-eabi/lib/thumb/v7e-m+fp/hard/libm.a
LOAD /Applications/STM32CubeIDE.app/Contents/Eclipse/plugins/com.st.stm32cube.ide.mcu.externaltools.gnu-tools-for-stm32.10.3-2021.10.macos64_1.0.100.202210260954/tools/bin/../lib/gcc/arm-none-eabi/10.3.1/thumb/v7e-m+fp/hard/libgcc.a

.debug_info     0x0000000000000000     0xccb0
 .debug_info    0x0000000000000000      0x985 ./Bsp/bsp_can.o
 .debug_info    0x0000000000000985      0x1f2 ./Bsp/bsp_key.o
 .debug_info    0x0000000000000b77      0x6c8 ./Bsp/bsp_pwm.o
 .debug_info    0x000000000000123f      0x1f9 ./Bsp/pid.o
 .debug_info    0x0000000000001438      0xb7b ./Core/Src/can.o
 .debug_info    0x0000000000001fb3      0x4c7 ./Core/Src/gpio.o
 .debug_info    0x000000000000247a     0x1366 ./Core/Src/main.o
 .debug_info    0x00000000000037e0      0x2c4 ./Core/Src/stm32f4xx_hal_msp.o
 .debug_info    0x0000000000003aa4      0x568 ./Core/Src/stm32f4xx_it.o
 .debug_info    0x000000000000400c      0x53f ./Core/Src/system_stm32f4xx.o
 .debug_info    0x000000000000454b      0xca8 ./Core/Src/tim.o
 .debug_info    0x00000000000051f3       0x22 ./Core/Startup/startup_stm32f427iihx.o
 .debug_info    0x0000000000005215      0x9e8 ./Drivers/STM32F4xx_HAL_Driver/Src/stm32f4xx_hal.o
 .debug_info    0x0000000000005bfd      0xfc8 ./Drivers/STM32F4xx_HAL_Driver/Src/stm32f4xx_hal_can.o
 .debug_info    0x0000000000006bc5      0xe45 ./Drivers/STM32F4xx_HAL_Driver/Src/stm32f4xx_hal_cortex.o
 .debug_info    0x0000000000007a0a      0x786 ./Drivers/STM32F4xx_HAL_Driver/Src/stm32f4xx_hal_gpio.o
 .debug_info    0x0000000000008190      0x982 ./Drivers/STM32F4xx_HAL_Driver/Src/stm32f4xx_hal_rcc.o
 .debug_info    0x0000000000008b12     0x2bbe ./Drivers/STM32F4xx_HAL_Driver/Src/stm32f4xx_hal_tim.o
 .debug_info    0x000000000000b6d0     0x15e0 ./Drivers/STM32F4xx_HAL_Driver/Src/stm32f4xx_hal_tim_ex.o

.debug_abbrev   0x0000000000000000     0x2166
 .debug_abbrev  0x0000000000000000      0x1e3 ./Bsp/bsp_can.o
 .debug_abbrev  0x00000000000001e3      0x116 ./Bsp/bsp_key.o
 .debug_abbrev  0x00000000000002f9      0x159 ./Bsp/bsp_pwm.o
 .debug_abbrev  0x0000000000000452       0xe4 ./Bsp/pid.o
 .debug_abbrev  0x0000000000000536      0x21f ./Core/Src/can.o
 .debug_abbrev  0x0000000000000755      0x146 ./Core/Src/gpio.o
 .debug_abbrev  0x000000000000089b      0x2ab ./Core/Src/main.o
 .debug_abbrev  0x0000000000000b46       0xd4 ./Core/Src/stm32f4xx_hal_msp.o
 .debug_abbrev  0x0000000000000c1a      0x194 ./Core/Src/stm32f4xx_it.o
 .debug_abbrev  0x0000000000000dae      0x116 ./Core/Src/system_stm32f4xx.o
 .debug_abbrev  0x0000000000000ec4      0x20f ./Core/Src/tim.o
 .debug_abbrev  0x00000000000010d3       0x12 ./Core/Startup/startup_stm32f427iihx.o
 .debug_abbrev  0x00000000000010e5      0x20d ./Drivers/STM32F4xx_HAL_Driver/Src/stm32f4xx_hal.o
 .debug_abbrev  0x00000000000012f2      0x22e ./Drivers/STM32F4xx_HAL_Driver/Src/stm32f4xx_hal_can.o
 .debug_abbrev  0x0000000000001520      0x316 ./Drivers/STM32F4xx_HAL_Driver/Src/stm32f4xx_hal_cortex.o
 .debug_abbrev  0x0000000000001836      0x1c4 ./Drivers/STM32F4xx_HAL_Driver/Src/stm32f4xx_hal_gpio.o
 .debug_abbrev  0x00000000000019fa      0x2aa ./Drivers/STM32F4xx_HAL_Driver/Src/stm32f4xx_hal_rcc.o
 .debug_abbrev  0x0000000000001ca4      0x25d ./Drivers/STM32F4xx_HAL_Driver/Src/stm32f4xx_hal_tim.o
 .debug_abbrev  0x0000000000001f01      0x265 ./Drivers/STM32F4xx_HAL_Driver/Src/stm32f4xx_hal_tim_ex.o

.debug_aranges  0x0000000000000000      0xb98
 .debug_aranges
                0x0000000000000000       0x30 ./Bsp/bsp_can.o
 .debug_aranges
                0x0000000000000030       0x20 ./Bsp/bsp_key.o
 .debug_aranges
                0x0000000000000050       0x20 ./Bsp/bsp_pwm.o
 .debug_aranges
                0x0000000000000070       0x28 ./Bsp/pid.o
 .debug_aranges
                0x0000000000000098       0x30 ./Core/Src/can.o
 .debug_aranges
                0x00000000000000c8       0x20 ./Core/Src/gpio.o
 .debug_aranges
                0x00000000000000e8       0x30 ./Core/Src/main.o
 .debug_aranges
                0x0000000000000118       0x20 ./Core/Src/stm32f4xx_hal_msp.o
 .debug_aranges
                0x0000000000000138       0x70 ./Core/Src/stm32f4xx_it.o
 .debug_aranges
                0x00000000000001a8       0x28 ./Core/Src/system_stm32f4xx.o
 .debug_aranges
                0x00000000000001d0       0x38 ./Core/Src/tim.o
 .debug_aranges
                0x0000000000000208       0x28 ./Core/Startup/startup_stm32f427iihx.o
 .debug_aranges
                0x0000000000000230      0x100 ./Drivers/STM32F4xx_HAL_Driver/Src/stm32f4xx_hal.o
 .debug_aranges
                0x0000000000000330      0x138 ./Drivers/STM32F4xx_HAL_Driver/Src/stm32f4xx_hal_can.o
 .debug_aranges
                0x0000000000000468      0x118 ./Drivers/STM32F4xx_HAL_Driver/Src/stm32f4xx_hal_cortex.o
 .debug_aranges
                0x0000000000000580       0x58 ./Drivers/STM32F4xx_HAL_Driver/Src/stm32f4xx_hal_gpio.o
 .debug_aranges
                0x00000000000005d8       0x88 ./Drivers/STM32F4xx_HAL_Driver/Src/stm32f4xx_hal_rcc.o
 .debug_aranges
                0x0000000000000660      0x3d0 ./Drivers/STM32F4xx_HAL_Driver/Src/stm32f4xx_hal_tim.o
 .debug_aranges
                0x0000000000000a30      0x168 ./Drivers/STM32F4xx_HAL_Driver/Src/stm32f4xx_hal_tim_ex.o

.debug_ranges   0x0000000000000000      0xa70
 .debug_ranges  0x0000000000000000       0x20 ./Bsp/bsp_can.o
 .debug_ranges  0x0000000000000020       0x10 ./Bsp/bsp_key.o
 .debug_ranges  0x0000000000000030       0x10 ./Bsp/bsp_pwm.o
 .debug_ranges  0x0000000000000040       0x18 ./Bsp/pid.o
 .debug_ranges  0x0000000000000058       0x20 ./Core/Src/can.o
 .debug_ranges  0x0000000000000078       0x10 ./Core/Src/gpio.o
 .debug_ranges  0x0000000000000088       0x20 ./Core/Src/main.o
 .debug_ranges  0x00000000000000a8       0x10 ./Core/Src/stm32f4xx_hal_msp.o
 .debug_ranges  0x00000000000000b8       0x60 ./Core/Src/stm32f4xx_it.o
 .debug_ranges  0x0000000000000118       0x18 ./Core/Src/system_stm32f4xx.o
 .debug_ranges  0x0000000000000130       0x28 ./Core/Src/tim.o
 .debug_ranges  0x0000000000000158       0x20 ./Core/Startup/startup_stm32f427iihx.o
 .debug_ranges  0x0000000000000178       0xf0 ./Drivers/STM32F4xx_HAL_Driver/Src/stm32f4xx_hal.o
 .debug_ranges  0x0000000000000268      0x128 ./Drivers/STM32F4xx_HAL_Driver/Src/stm32f4xx_hal_can.o
 .debug_ranges  0x0000000000000390      0x108 ./Drivers/STM32F4xx_HAL_Driver/Src/stm32f4xx_hal_cortex.o
 .debug_ranges  0x0000000000000498       0x48 ./Drivers/STM32F4xx_HAL_Driver/Src/stm32f4xx_hal_gpio.o
 .debug_ranges  0x00000000000004e0       0x78 ./Drivers/STM32F4xx_HAL_Driver/Src/stm32f4xx_hal_rcc.o
 .debug_ranges  0x0000000000000558      0x3c0 ./Drivers/STM32F4xx_HAL_Driver/Src/stm32f4xx_hal_tim.o
 .debug_ranges  0x0000000000000918      0x158 ./Drivers/STM32F4xx_HAL_Driver/Src/stm32f4xx_hal_tim_ex.o

.debug_macro    0x0000000000000000    0x22fe6
 .debug_macro   0x0000000000000000      0x1fe ./Bsp/bsp_can.o
 .debug_macro   0x00000000000001fe      0xa78 ./Bsp/bsp_can.o
 .debug_macro   0x0000000000000c76       0x10 ./Bsp/bsp_can.o
 .debug_macro   0x0000000000000c86      0x29b ./Bsp/bsp_can.o
 .debug_macro   0x0000000000000f21       0x2e ./Bsp/bsp_can.o
 .debug_macro   0x0000000000000f4f       0x28 ./Bsp/bsp_can.o
 .debug_macro   0x0000000000000f77       0x22 ./Bsp/bsp_can.o
 .debug_macro   0x0000000000000f99       0x8e ./Bsp/bsp_can.o
 .debug_macro   0x0000000000001027       0x51 ./Bsp/bsp_can.o
 .debug_macro   0x0000000000001078      0x103 ./Bsp/bsp_can.o
 .debug_macro   0x000000000000117b       0x6a ./Bsp/bsp_can.o
 .debug_macro   0x00000000000011e5      0x1df ./Bsp/bsp_can.o
 .debug_macro   0x00000000000013c4       0x1c ./Bsp/bsp_can.o
 .debug_macro   0x00000000000013e0       0x22 ./Bsp/bsp_can.o
 .debug_macro   0x0000000000001402       0xd9 ./Bsp/bsp_can.o
 .debug_macro   0x00000000000014db     0x102d ./Bsp/bsp_can.o
 .debug_macro   0x0000000000002508      0x11f ./Bsp/bsp_can.o
 .debug_macro   0x0000000000002627    0x178a0 ./Bsp/bsp_can.o
 .debug_macro   0x0000000000019ec7       0x6d ./Bsp/bsp_can.o
 .debug_macro   0x0000000000019f34     0x36f5 ./Bsp/bsp_can.o
 .debug_macro   0x000000000001d629      0x174 ./Bsp/bsp_can.o
 .debug_macro   0x000000000001d79d       0x5c ./Bsp/bsp_can.o
 .debug_macro   0x000000000001d7f9      0xc6d ./Bsp/bsp_can.o
 .debug_macro   0x000000000001e466      0x9fe ./Bsp/bsp_can.o
 .debug_macro   0x000000000001ee64      0x115 ./Bsp/bsp_can.o
 .debug_macro   0x000000000001ef79      0x16f ./Bsp/bsp_can.o
 .debug_macro   0x000000000001f0e8       0xa5 ./Bsp/bsp_can.o
 .debug_macro   0x000000000001f18d      0x182 ./Bsp/bsp_can.o
 .debug_macro   0x000000000001f30f      0x287 ./Bsp/bsp_can.o
 .debug_macro   0x000000000001f596       0x5f ./Bsp/bsp_can.o
 .debug_macro   0x000000000001f5f5      0x236 ./Bsp/bsp_can.o
 .debug_macro   0x000000000001f82b      0x40f ./Bsp/bsp_can.o
 .debug_macro   0x000000000001fc3a      0x132 ./Bsp/bsp_can.o
 .debug_macro   0x000000000001fd6c      0x41d ./Bsp/bsp_can.o
 .debug_macro   0x0000000000020189       0x2e ./Bsp/bsp_can.o
 .debug_macro   0x00000000000201b7      0x11a ./Bsp/bsp_can.o
 .debug_macro   0x00000000000202d1       0xe2 ./Bsp/bsp_can.o
 .debug_macro   0x00000000000203b3       0x89 ./Bsp/bsp_can.o
 .debug_macro   0x000000000002043c      0x8e6 ./Bsp/bsp_can.o
 .debug_macro   0x0000000000020d22       0x47 ./Bsp/bsp_can.o
 .debug_macro   0x0000000000020d69      0x134 ./Bsp/bsp_can.o
 .debug_macro   0x0000000000020e9d       0x58 ./Bsp/bsp_can.o
 .debug_macro   0x0000000000020ef5       0x1c ./Bsp/bsp_can.o
 .debug_macro   0x0000000000020f11       0x34 ./Bsp/bsp_can.o
 .debug_macro   0x0000000000020f45      0x1f0 ./Bsp/bsp_key.o
 .debug_macro   0x0000000000021135      0x1f0 ./Bsp/bsp_pwm.o
 .debug_macro   0x0000000000021325      0x1e6 ./Bsp/pid.o
 .debug_macro   0x000000000002150b      0x1e6 ./Core/Src/can.o
 .debug_macro   0x00000000000216f1      0x1e6 ./Core/Src/gpio.o
 .debug_macro   0x00000000000218d7      0x264 ./Core/Src/main.o
 .debug_macro   0x0000000000021b3b      0x1dc ./Core/Src/stm32f4xx_hal_msp.o
 .debug_macro   0x0000000000021d17      0x1e6 ./Core/Src/stm32f4xx_it.o
 .debug_macro   0x0000000000021efd      0x1ce ./Core/Src/system_stm32f4xx.o
 .debug_macro   0x00000000000220cb      0x1e6 ./Core/Src/tim.o
 .debug_macro   0x00000000000222b1      0x22e ./Drivers/STM32F4xx_HAL_Driver/Src/stm32f4xx_hal.o
 .debug_macro   0x00000000000224df      0x1d6 ./Drivers/STM32F4xx_HAL_Driver/Src/stm32f4xx_hal_can.o
 .debug_macro   0x00000000000226b5      0x1ce ./Drivers/STM32F4xx_HAL_Driver/Src/stm32f4xx_hal_cortex.o
 .debug_macro   0x0000000000022883      0x1d4 ./Drivers/STM32F4xx_HAL_Driver/Src/stm32f4xx_hal_gpio.o
 .debug_macro   0x0000000000022a57      0x1f2 ./Drivers/STM32F4xx_HAL_Driver/Src/stm32f4xx_hal_rcc.o
 .debug_macro   0x0000000000022c49      0x1cf ./Drivers/STM32F4xx_HAL_Driver/Src/stm32f4xx_hal_tim.o
 .debug_macro   0x0000000000022e18      0x1ce ./Drivers/STM32F4xx_HAL_Driver/Src/stm32f4xx_hal_tim_ex.o

.debug_line     0x0000000000000000     0xe60b
 .debug_line    0x0000000000000000      0x827 ./Bsp/bsp_can.o
 .debug_line    0x0000000000000827      0x726 ./Bsp/bsp_key.o
 .debug_line    0x0000000000000f4d      0x70a ./Bsp/bsp_pwm.o
 .debug_line    0x0000000000001657      0x7c6 ./Bsp/pid.o
 .debug_line    0x0000000000001e1d      0x762 ./Core/Src/can.o
 .debug_line    0x000000000000257f      0x726 ./Core/Src/gpio.o
 .debug_line    0x0000000000002ca5      0x982 ./Core/Src/main.o
 .debug_line    0x0000000000003627      0x6ee ./Core/Src/stm32f4xx_hal_msp.o
 .debug_line    0x0000000000003d15      0x7e1 ./Core/Src/stm32f4xx_it.o
 .debug_line    0x00000000000044f6      0x770 ./Core/Src/system_stm32f4xx.o
 .debug_line    0x0000000000004c66      0x7eb ./Core/Src/tim.o
 .debug_line    0x0000000000005451       0x88 ./Core/Startup/startup_stm32f427iihx.o
 .debug_line    0x00000000000054d9      0xa0c ./Drivers/STM32F4xx_HAL_Driver/Src/stm32f4xx_hal.o
 .debug_line    0x0000000000005ee5     0x1142 ./Drivers/STM32F4xx_HAL_Driver/Src/stm32f4xx_hal_can.o
 .debug_line    0x0000000000007027      0xc85 ./Drivers/STM32F4xx_HAL_Driver/Src/stm32f4xx_hal_cortex.o
 .debug_line    0x0000000000007cac      0xb72 ./Drivers/STM32F4xx_HAL_Driver/Src/stm32f4xx_hal_gpio.o
 .debug_line    0x000000000000881e      0xd50 ./Drivers/STM32F4xx_HAL_Driver/Src/stm32f4xx_hal_rcc.o
 .debug_line    0x000000000000956e     0x36ca ./Drivers/STM32F4xx_HAL_Driver/Src/stm32f4xx_hal_tim.o
 .debug_line    0x000000000000cc38     0x19d3 ./Drivers/STM32F4xx_HAL_Driver/Src/stm32f4xx_hal_tim_ex.o

.debug_str      0x0000000000000000    0xd4071
 .debug_str     0x0000000000000000    0xd0afe ./Bsp/bsp_can.o
                                      0xd0dcc (size before relaxing)
 .debug_str     0x00000000000d0afe       0x75 ./Bsp/bsp_key.o
                                      0xd068c (size before relaxing)
 .debug_str     0x00000000000d0b73      0x4b2 ./Bsp/bsp_pwm.o
                                      0xd0b60 (size before relaxing)
 .debug_str     0x00000000000d1025       0x62 ./Bsp/pid.o
                                      0xd061a (size before relaxing)
 .debug_str     0x00000000000d1087      0x6fd ./Core/Src/can.o
                                      0xd100f (size before relaxing)
 .debug_str     0x00000000000d1784       0x32 ./Core/Src/gpio.o
                                      0xd07cc (size before relaxing)
 .debug_str     0x00000000000d17b6      0x1ea ./Core/Src/main.o
                                      0xd14c3 (size before relaxing)
 .debug_str     0x00000000000d19a0       0x2c ./Core/Src/stm32f4xx_hal_msp.o
                                      0xd0701 (size before relaxing)
 .debug_str     0x00000000000d19cc      0x103 ./Core/Src/stm32f4xx_it.o
                                      0xd0962 (size before relaxing)
 .debug_str     0x00000000000d1acf       0xdb ./Core/Src/system_stm32f4xx.o
                                      0xd05fd (size before relaxing)
 .debug_str     0x00000000000d1baa      0x21a ./Core/Src/tim.o
                                      0xd0f19 (size before relaxing)
 .debug_str     0x00000000000d1dc4       0x36 ./Core/Startup/startup_stm32f427iihx.o
                                         0x6f (size before relaxing)
 .debug_str     0x00000000000d1dfa      0x648 ./Drivers/STM32F4xx_HAL_Driver/Src/stm32f4xx_hal.o
                                      0xd1209 (size before relaxing)
 .debug_str     0x00000000000d2442      0x3d9 ./Drivers/STM32F4xx_HAL_Driver/Src/stm32f4xx_hal_can.o
                                      0xd0cd6 (size before relaxing)
 .debug_str     0x00000000000d281b      0x332 ./Drivers/STM32F4xx_HAL_Driver/Src/stm32f4xx_hal_cortex.o
                                      0xd0eee (size before relaxing)
 .debug_str     0x00000000000d2b4d      0x10b ./Drivers/STM32F4xx_HAL_Driver/Src/stm32f4xx_hal_gpio.o
                                      0xd0778 (size before relaxing)
 .debug_str     0x00000000000d2c58      0x233 ./Drivers/STM32F4xx_HAL_Driver/Src/stm32f4xx_hal_rcc.o
                                      0xd0a31 (size before relaxing)
 .debug_str     0x00000000000d2e8b      0xe05 ./Drivers/STM32F4xx_HAL_Driver/Src/stm32f4xx_hal_tim.o
                                      0xd1964 (size before relaxing)
 .debug_str     0x00000000000d3c90      0x3e1 ./Drivers/STM32F4xx_HAL_Driver/Src/stm32f4xx_hal_tim_ex.o
                                      0xd1180 (size before relaxing)

.comment        0x0000000000000000       0x50
 .comment       0x0000000000000000       0x50 ./Bsp/bsp_can.o
                                         0x51 (size before relaxing)
 .comment       0x0000000000000050       0x51 ./Bsp/bsp_key.o
 .comment       0x0000000000000050       0x51 ./Bsp/bsp_pwm.o
 .comment       0x0000000000000050       0x51 ./Bsp/pid.o
 .comment       0x0000000000000050       0x51 ./Core/Src/can.o
 .comment       0x0000000000000050       0x51 ./Core/Src/gpio.o
 .comment       0x0000000000000050       0x51 ./Core/Src/main.o
 .comment       0x0000000000000050       0x51 ./Core/Src/stm32f4xx_hal_msp.o
 .comment       0x0000000000000050       0x51 ./Core/Src/stm32f4xx_it.o
 .comment       0x0000000000000050       0x51 ./Core/Src/system_stm32f4xx.o
 .comment       0x0000000000000050       0x51 ./Core/Src/tim.o
 .comment       0x0000000000000050       0x51 ./Drivers/STM32F4xx_HAL_Driver/Src/stm32f4xx_hal.o
 .comment       0x0000000000000050       0x51 ./Drivers/STM32F4xx_HAL_Driver/Src/stm32f4xx_hal_can.o
 .comment       0x0000000000000050       0x51 ./Drivers/STM32F4xx_HAL_Driver/Src/stm32f4xx_hal_cortex.o
 .comment       0x0000000000000050       0x51 ./Drivers/STM32F4xx_HAL_Driver/Src/stm32f4xx_hal_gpio.o
 .comment       0x0000000000000050       0x51 ./Drivers/STM32F4xx_HAL_Driver/Src/stm32f4xx_hal_rcc.o
 .comment       0x0000000000000050       0x51 ./Drivers/STM32F4xx_HAL_Driver/Src/stm32f4xx_hal_tim.o
 .comment       0x0000000000000050       0x51 ./Drivers/STM32F4xx_HAL_Driver/Src/stm32f4xx_hal_tim_ex.o

.debug_frame    0x0000000000000000     0x2e94
 .debug_frame   0x0000000000000000       0x80 ./Bsp/bsp_can.o
 .debug_frame   0x0000000000000080       0x2c ./Bsp/bsp_key.o
 .debug_frame   0x00000000000000ac       0x2c ./Bsp/bsp_pwm.o
 .debug_frame   0x00000000000000d8       0x60 ./Bsp/pid.o
 .debug_frame   0x0000000000000138       0x74 ./Core/Src/can.o
 .debug_frame   0x00000000000001ac       0x34 ./Core/Src/gpio.o
 .debug_frame   0x00000000000001e0       0x6c ./Core/Src/main.o
 .debug_frame   0x000000000000024c       0x38 ./Core/Src/stm32f4xx_hal_msp.o
 .debug_frame   0x0000000000000284      0x13c ./Core/Src/stm32f4xx_it.o
 .debug_frame   0x00000000000003c0       0x58 ./Core/Src/system_stm32f4xx.o
 .debug_frame   0x0000000000000418       0xa8 ./Core/Src/tim.o
 .debug_frame   0x00000000000004c0      0x3b4 ./Drivers/STM32F4xx_HAL_Driver/Src/stm32f4xx_hal.o
 .debug_frame   0x0000000000000874      0x5a0 ./Drivers/STM32F4xx_HAL_Driver/Src/stm32f4xx_hal_can.o
 .debug_frame   0x0000000000000e14      0x498 ./Drivers/STM32F4xx_HAL_Driver/Src/stm32f4xx_hal_cortex.o
 .debug_frame   0x00000000000012ac      0x14c ./Drivers/STM32F4xx_HAL_Driver/Src/stm32f4xx_hal_gpio.o
 .debug_frame   0x00000000000013f8      0x1f4 ./Drivers/STM32F4xx_HAL_Driver/Src/stm32f4xx_hal_rcc.o
 .debug_frame   0x00000000000015ec     0x11c4 ./Drivers/STM32F4xx_HAL_Driver/Src/stm32f4xx_hal_tim.o
 .debug_frame   0x00000000000027b0      0x638 ./Drivers/STM32F4xx_HAL_Driver/Src/stm32f4xx_hal_tim_ex.o
 .debug_frame   0x0000000000002de8       0x2c /Applications/STM32CubeIDE.app/Contents/Eclipse/plugins/com.st.stm32cube.ide.mcu.externaltools.gnu-tools-for-stm32.10.3-2021.10.macos64_1.0.100.202210260954/tools/bin/../lib/gcc/arm-none-eabi/10.3.1/../../../../arm-none-eabi/lib/thumb/v7e-m+fp/hard/libc_nano.a(lib_a-init.o)
 .debug_frame   0x0000000000002e14       0x20 /Applications/STM32CubeIDE.app/Contents/Eclipse/plugins/com.st.stm32cube.ide.mcu.externaltools.gnu-tools-for-stm32.10.3-2021.10.macos64_1.0.100.202210260954/tools/bin/../lib/gcc/arm-none-eabi/10.3.1/../../../../arm-none-eabi/lib/thumb/v7e-m+fp/hard/libc_nano.a(lib_a-memset.o)
 .debug_frame   0x0000000000002e34       0x2c /Applications/STM32CubeIDE.app/Contents/Eclipse/plugins/com.st.stm32cube.ide.mcu.externaltools.gnu-tools-for-stm32.10.3-2021.10.macos64_1.0.100.202210260954/tools/bin/../lib/gcc/arm-none-eabi/10.3.1/thumb/v7e-m+fp/hard/libgcc.a(_aeabi_uldivmod.o)
 .debug_frame   0x0000000000002e60       0x34 /Applications/STM32CubeIDE.app/Contents/Eclipse/plugins/com.st.stm32cube.ide.mcu.externaltools.gnu-tools-for-stm32.10.3-2021.10.macos64_1.0.100.202210260954/tools/bin/../lib/gcc/arm-none-eabi/10.3.1/thumb/v7e-m+fp/hard/libgcc.a(_udivmoddi4.o)
